Frame #    Residue #     Eelec      Evdw       Etotal     Timestep: 2 
0          1             0.00000    0.00000    0.00000
4500       692         -38.58544    0.00000  -38.58544
